
Setting environment for using XAMPP for Windows.
Treinamento@RD723908 c:\xampp
# cd ..

Treinamento@RD723908 c:\
# cd C:\Users\Treinamento\Desktop\teste.banco

Treinamento@RD723908 C:\Users\Treinamento\Desktop\teste.banco
# mysql -u root -p
Enter password:
Welcome to the MariaDB monitor.  Commands end with ; or \g.
Your MariaDB connection id is 8
Server version: 10.4.11-MariaDB mariadb.org binary distribution

Copyright (c) 2000, 2018, Oracle, MariaDB Corporation Ab and others.

Type 'help;' or '\h' for help. Type '\c' to clear the current input statement.

MariaDB [(none)]> create database TESTE;
Query OK, 1 row affected (0.001 sec)

MariaDB [(none)]> use TESTE;
Database changed
MariaDB [TESTE]> source ambiente.sql;
Query OK, 0 rows affected (0.018 sec)

Query OK, 0 rows affected (0.009 sec)

Query OK, 0 rows affected (0.010 sec)

Query OK, 0 rows affected (0.009 sec)

Query OK, 0 rows affected (0.008 sec)

Query OK, 0 rows affected (0.008 sec)

Query OK, 0 rows affected (0.008 sec)

Query OK, 0 rows affected (0.008 sec)

Query OK, 0 rows affected (0.007 sec)

Query OK, 0 rows affected (0.007 sec)

Query OK, 0 rows affected (0.007 sec)

Query OK, 0 rows affected (0.007 sec)

Query OK, 0 rows affected (0.007 sec)

Query OK, 0 rows affected (0.009 sec)

Query OK, 0 rows affected (0.006 sec)

Query OK, 0 rows affected (0.006 sec)

Query OK, 0 rows affected (0.007 sec)

Query OK, 0 rows affected (0.022 sec)
Records: 0  Duplicates: 0  Warnings: 0

Query OK, 0 rows affected (0.023 sec)
Records: 0  Duplicates: 0  Warnings: 0

Query OK, 0 rows affected (0.022 sec)
Records: 0  Duplicates: 0  Warnings: 0

Query OK, 0 rows affected (0.023 sec)
Records: 0  Duplicates: 0  Warnings: 0

Query OK, 0 rows affected (0.025 sec)
Records: 0  Duplicates: 0  Warnings: 0

Query OK, 0 rows affected (0.025 sec)
Records: 0  Duplicates: 0  Warnings: 0

Query OK, 0 rows affected (0.022 sec)
Records: 0  Duplicates: 0  Warnings: 0

Query OK, 0 rows affected (0.022 sec)
Records: 0  Duplicates: 0  Warnings: 0

Query OK, 0 rows affected (0.022 sec)
Records: 0  Duplicates: 0  Warnings: 0

Query OK, 0 rows affected (0.024 sec)
Records: 0  Duplicates: 0  Warnings: 0

Query OK, 0 rows affected (0.021 sec)
Records: 0  Duplicates: 0  Warnings: 0

Query OK, 0 rows affected (0.024 sec)
Records: 0  Duplicates: 0  Warnings: 0

Query OK, 0 rows affected (0.025 sec)
Records: 0  Duplicates: 0  Warnings: 0

Query OK, 0 rows affected (0.024 sec)
Records: 0  Duplicates: 0  Warnings: 0

Query OK, 0 rows affected (0.021 sec)
Records: 0  Duplicates: 0  Warnings: 0

Query OK, 0 rows affected (0.020 sec)
Records: 0  Duplicates: 0  Warnings: 0

Query OK, 0 rows affected (0.022 sec)
Records: 0  Duplicates: 0  Warnings: 0

Query OK, 0 rows affected (0.022 sec)
Records: 0  Duplicates: 0  Warnings: 0

Query OK, 0 rows affected (0.022 sec)
Records: 0  Duplicates: 0  Warnings: 0

Query OK, 0 rows affected (0.023 sec)
Records: 0  Duplicates: 0  Warnings: 0

Query OK, 1 row affected (0.006 sec)

Query OK, 1 row affected (0.001 sec)

Query OK, 1 row affected (0.003 sec)

Query OK, 1 row affected (0.001 sec)

Query OK, 1 row affected (0.003 sec)

Query OK, 1 row affected (0.001 sec)

Query OK, 1 row affected (0.002 sec)

Query OK, 1 row affected (0.003 sec)

Query OK, 1 row affected (0.001 sec)

Query OK, 1 row affected (0.002 sec)

Query OK, 1 row affected (0.002 sec)

Query OK, 1 row affected (0.001 sec)

Query OK, 1 row affected (0.002 sec)

Query OK, 1 row affected (0.002 sec)

Query OK, 1 row affected (0.001 sec)

Query OK, 1 row affected (0.001 sec)

Query OK, 1 row affected (0.003 sec)

Query OK, 1 row affected (0.001 sec)

Query OK, 1 row affected, 1 warning (0.004 sec)

Query OK, 1 row affected, 1 warning (0.001 sec)

Query OK, 1 row affected, 1 warning (0.001 sec)

Query OK, 1 row affected, 1 warning (0.001 sec)

Query OK, 1 row affected, 1 warning (0.001 sec)

Query OK, 1 row affected, 1 warning (0.001 sec)

Query OK, 1 row affected, 1 warning (0.001 sec)

Query OK, 1 row affected, 1 warning (0.001 sec)

Query OK, 1 row affected, 1 warning (0.001 sec)

Query OK, 1 row affected, 1 warning (0.001 sec)

Query OK, 1 row affected, 1 warning (0.001 sec)

Query OK, 1 row affected, 1 warning (0.001 sec)

Query OK, 1 row affected, 1 warning (0.002 sec)

Query OK, 1 row affected, 1 warning (0.001 sec)

Query OK, 1 row affected, 1 warning (0.001 sec)

Query OK, 1 row affected, 1 warning (0.001 sec)

Query OK, 1 row affected, 1 warning (0.001 sec)

Query OK, 1 row affected, 1 warning (0.001 sec)

Query OK, 1 row affected, 1 warning (0.001 sec)

Query OK, 1 row affected, 1 warning (0.001 sec)

Query OK, 1 row affected, 1 warning (0.001 sec)

Query OK, 1 row affected, 1 warning (0.001 sec)

Query OK, 1 row affected, 1 warning (0.001 sec)

Query OK, 1 row affected, 1 warning (0.001 sec)

Query OK, 1 row affected, 1 warning (0.001 sec)

Query OK, 1 row affected, 1 warning (0.001 sec)

Query OK, 1 row affected, 1 warning (0.001 sec)

Query OK, 1 row affected, 1 warning (0.001 sec)

Query OK, 1 row affected, 1 warning (0.002 sec)

Query OK, 1 row affected, 1 warning (0.001 sec)

Query OK, 1 row affected, 1 warning (0.001 sec)

Query OK, 1 row affected, 1 warning (0.001 sec)

Query OK, 1 row affected, 1 warning (0.001 sec)

Query OK, 1 row affected, 1 warning (0.001 sec)

Query OK, 12 rows affected (0.002 sec)
Records: 12  Duplicates: 0  Warnings: 0

Query OK, 12 rows affected (0.001 sec)
Records: 12  Duplicates: 0  Warnings: 0

Query OK, 12 rows affected (0.001 sec)
Records: 12  Duplicates: 0  Warnings: 0

Query OK, 12 rows affected (0.001 sec)
Records: 12  Duplicates: 0  Warnings: 0

Query OK, 12 rows affected (0.001 sec)
Records: 12  Duplicates: 0  Warnings: 0

Query OK, 12 rows affected (0.001 sec)
Records: 12  Duplicates: 0  Warnings: 0

Query OK, 12 rows affected (0.001 sec)
Records: 12  Duplicates: 0  Warnings: 0

Query OK, 12 rows affected (0.001 sec)
Records: 12  Duplicates: 0  Warnings: 0

Query OK, 12 rows affected (0.001 sec)
Records: 12  Duplicates: 0  Warnings: 0

Query OK, 12 rows affected (0.001 sec)
Records: 12  Duplicates: 0  Warnings: 0

MariaDB [TESTE]> select * from tb_estoque;
+-----------+------------+-----------------------+
| ID_FILIAL | ID_PRODUTO | QT_ESTOQUE_DISPONIVEL |
+-----------+------------+-----------------------+
|         1 |          1 |                     0 |
|         1 |          2 |                     0 |
|         1 |          5 |                     0 |
|         1 |          6 |                     0 |
|         1 |          9 |                     0 |
|         1 |         11 |                     0 |
|         1 |          3 |                     0 |
|         1 |          7 |                     0 |
|         1 |         10 |                     0 |
|         1 |          4 |                     0 |
|         1 |          8 |                     0 |
|         1 |         12 |                     0 |
|         2 |          1 |                     0 |
|         2 |          2 |                     0 |
|         2 |          5 |                     0 |
|         2 |          6 |                     0 |
|         2 |          9 |                     0 |
|         2 |         11 |                     0 |
|         2 |          3 |                     0 |
|         2 |          7 |                     0 |
|         2 |         10 |                     0 |
|         2 |          4 |                     0 |
|         2 |          8 |                     0 |
|         2 |         12 |                     0 |
|         3 |          1 |                     0 |
|         3 |          2 |                     0 |
|         3 |          5 |                     0 |
|         3 |          6 |                     0 |
|         3 |          9 |                     0 |
|         3 |         11 |                     0 |
|         3 |          3 |                     0 |
|         3 |          7 |                     0 |
|         3 |         10 |                     0 |
|         3 |          4 |                     0 |
|         3 |          8 |                     0 |
|         3 |         12 |                     0 |
|         4 |          1 |                     0 |
|         4 |          2 |                     0 |
|         4 |          5 |                     0 |
|         4 |          6 |                     0 |
|         4 |          9 |                     0 |
|         4 |         11 |                     0 |
|         4 |          3 |                     0 |
|         4 |          7 |                     0 |
|         4 |         10 |                     0 |
|         4 |          4 |                     0 |
|         4 |          8 |                     0 |
|         4 |         12 |                     0 |
|         5 |          1 |                     0 |
|         5 |          2 |                     0 |
|         5 |          5 |                     0 |
|         5 |          6 |                     0 |
|         5 |          9 |                     0 |
|         5 |         11 |                     0 |
|         5 |          3 |                     0 |
|         5 |          7 |                     0 |
|         5 |         10 |                     0 |
|         5 |          4 |                     0 |
|         5 |          8 |                     0 |
|         5 |         12 |                     0 |
|         6 |          1 |                     0 |
|         6 |          2 |                     0 |
|         6 |          5 |                     0 |
|         6 |          6 |                     0 |
|         6 |          9 |                     0 |
|         6 |         11 |                     0 |
|         6 |          3 |                     0 |
|         6 |          7 |                     0 |
|         6 |         10 |                     0 |
|         6 |          4 |                     0 |
|         6 |          8 |                     0 |
|         6 |         12 |                     0 |
|         7 |          1 |                     0 |
|         7 |          2 |                     0 |
|         7 |          5 |                     0 |
|         7 |          6 |                     0 |
|         7 |          9 |                     0 |
|         7 |         11 |                     0 |
|         7 |          3 |                     0 |
|         7 |          7 |                     0 |
|         7 |         10 |                     0 |
|         7 |          4 |                     0 |
|         7 |          8 |                     0 |
|         7 |         12 |                     0 |
|         8 |          1 |                     0 |
|         8 |          2 |                     0 |
|         8 |          5 |                     0 |
|         8 |          6 |                     0 |
|         8 |          9 |                     0 |
|         8 |         11 |                     0 |
|         8 |          3 |                     0 |
|         8 |          7 |                     0 |
|         8 |         10 |                     0 |
|         8 |          4 |                     0 |
|         8 |          8 |                     0 |
|         8 |         12 |                     0 |
|         9 |          1 |                     0 |
|         9 |          2 |                     0 |
|         9 |          5 |                     0 |
|         9 |          6 |                     0 |
|         9 |          9 |                     0 |
|         9 |         11 |                     0 |
|         9 |          3 |                     0 |
|         9 |          7 |                     0 |
|         9 |         10 |                     0 |
|         9 |          4 |                     0 |
|         9 |          8 |                     0 |
|         9 |         12 |                     0 |
|        10 |          1 |                     0 |
|        10 |          2 |                     0 |
|        10 |          5 |                     0 |
|        10 |          6 |                     0 |
|        10 |          9 |                     0 |
|        10 |         11 |                     0 |
|        10 |          3 |                     0 |
|        10 |          7 |                     0 |
|        10 |         10 |                     0 |
|        10 |          4 |                     0 |
|        10 |          8 |                     0 |
|        10 |         12 |                     0 |
+-----------+------------+-----------------------+
120 rows in set (0.000 sec)

MariaDB [TESTE]> show tb_estoque;
ERROR 1064 (42000): You have an error in your SQL syntax; check the manual that corresponds to your MariaDB server version for the right syntax to use near 'tb_estoque' at line 1
MariaDB [TESTE]> select * from tb_estoque a inner join id_filial b ON a.id_filial=b.id_produto;
ERROR 1146 (42S02): Table 'teste.id_filial' doesn't exist
MariaDB [TESTE]> selec * from tb_estoque;
ERROR 1064 (42000): You have an error in your SQL syntax; check the manual that corresponds to your MariaDB server version for the right syntax to use near 'selec * from tb_estoque' at line 1
MariaDB [TESTE]> desc tb_estoque;
+-----------------------+-----------+------+-----+---------+-------+
| Field                 | Type      | Null | Key | Default | Extra |
+-----------------------+-----------+------+-----+---------+-------+
| ID_FILIAL             | bigint(6) | YES  | MUL | NULL    |       |
| ID_PRODUTO            | bigint(8) | YES  | MUL | NULL    |       |
| QT_ESTOQUE_DISPONIVEL | bigint(8) | YES  |     | NULL    |       |
+-----------------------+-----------+------+-----+---------+-------+
3 rows in set (0.012 sec)

MariaDB [TESTE]> show tables;
+-----------------------+
| Tables_in_teste       |
+-----------------------+
| tb_cliente            |
| tb_estoque            |
| tb_filial             |
| tb_fornecedor         |
| tb_movimentacoes      |
| tb_nf                 |
| tb_nf_item            |
| tb_pedido             |
| tb_pedido_item        |
| tb_produto            |
| tb_status_nota        |
| tb_tipo_filial        |
| tb_tipo_movimentacoes |
| tb_tipo_operacao      |
| tb_tipo_pagamento     |
| tb_tipo_pedido        |
| tb_tipo_produto       |
+-----------------------+
17 rows in set (0.001 sec)

MariaDB [TESTE]> select * from tb_estoque;
+-----------+------------+-----------------------+
| ID_FILIAL | ID_PRODUTO | QT_ESTOQUE_DISPONIVEL |
+-----------+------------+-----------------------+
|         1 |          1 |                     0 |
|         1 |          2 |                     0 |
|         1 |          5 |                     0 |
|         1 |          6 |                     0 |
|         1 |          9 |                     0 |
|         1 |         11 |                     0 |
|         1 |          3 |                     0 |
|         1 |          7 |                     0 |
|         1 |         10 |                     0 |
|         1 |          4 |                     0 |
|         1 |          8 |                     0 |
|         1 |         12 |                     0 |
|         2 |          1 |                     0 |
|         2 |          2 |                     0 |
|         2 |          5 |                     0 |
|         2 |          6 |                     0 |
|         2 |          9 |                     0 |
|         2 |         11 |                     0 |
|         2 |          3 |                     0 |
|         2 |          7 |                     0 |
|         2 |         10 |                     0 |
|         2 |          4 |                     0 |
|         2 |          8 |                     0 |
|         2 |         12 |                     0 |
|         3 |          1 |                     0 |
|         3 |          2 |                     0 |
|         3 |          5 |                     0 |
|         3 |          6 |                     0 |
|         3 |          9 |                     0 |
|         3 |         11 |                     0 |
|         3 |          3 |                     0 |
|         3 |          7 |                     0 |
|         3 |         10 |                     0 |
|         3 |          4 |                     0 |
|         3 |          8 |                     0 |
|         3 |         12 |                     0 |
|         4 |          1 |                     0 |
|         4 |          2 |                     0 |
|         4 |          5 |                     0 |
|         4 |          6 |                     0 |
|         4 |          9 |                     0 |
|         4 |         11 |                     0 |
|         4 |          3 |                     0 |
|         4 |          7 |                     0 |
|         4 |         10 |                     0 |
|         4 |          4 |                     0 |
|         4 |          8 |                     0 |
|         4 |         12 |                     0 |
|         5 |          1 |                     0 |
|         5 |          2 |                     0 |
|         5 |          5 |                     0 |
|         5 |          6 |                     0 |
|         5 |          9 |                     0 |
|         5 |         11 |                     0 |
|         5 |          3 |                     0 |
|         5 |          7 |                     0 |
|         5 |         10 |                     0 |
|         5 |          4 |                     0 |
|         5 |          8 |                     0 |
|         5 |         12 |                     0 |
|         6 |          1 |                     0 |
|         6 |          2 |                     0 |
|         6 |          5 |                     0 |
|         6 |          6 |                     0 |
|         6 |          9 |                     0 |
|         6 |         11 |                     0 |
|         6 |          3 |                     0 |
|         6 |          7 |                     0 |
|         6 |         10 |                     0 |
|         6 |          4 |                     0 |
|         6 |          8 |                     0 |
|         6 |         12 |                     0 |
|         7 |          1 |                     0 |
|         7 |          2 |                     0 |
|         7 |          5 |                     0 |
|         7 |          6 |                     0 |
|         7 |          9 |                     0 |
|         7 |         11 |                     0 |
|         7 |          3 |                     0 |
|         7 |          7 |                     0 |
|         7 |         10 |                     0 |
|         7 |          4 |                     0 |
|         7 |          8 |                     0 |
|         7 |         12 |                     0 |
|         8 |          1 |                     0 |
|         8 |          2 |                     0 |
|         8 |          5 |                     0 |
|         8 |          6 |                     0 |
|         8 |          9 |                     0 |
|         8 |         11 |                     0 |
|         8 |          3 |                     0 |
|         8 |          7 |                     0 |
|         8 |         10 |                     0 |
|         8 |          4 |                     0 |
|         8 |          8 |                     0 |
|         8 |         12 |                     0 |
|         9 |          1 |                     0 |
|         9 |          2 |                     0 |
|         9 |          5 |                     0 |
|         9 |          6 |                     0 |
|         9 |          9 |                     0 |
|         9 |         11 |                     0 |
|         9 |          3 |                     0 |
|         9 |          7 |                     0 |
|         9 |         10 |                     0 |
|         9 |          4 |                     0 |
|         9 |          8 |                     0 |
|         9 |         12 |                     0 |
|        10 |          1 |                     0 |
|        10 |          2 |                     0 |
|        10 |          5 |                     0 |
|        10 |          6 |                     0 |
|        10 |          9 |                     0 |
|        10 |         11 |                     0 |
|        10 |          3 |                     0 |
|        10 |          7 |                     0 |
|        10 |         10 |                     0 |
|        10 |          4 |                     0 |
|        10 |          8 |                     0 |
|        10 |         12 |                     0 |
+-----------+------------+-----------------------+
120 rows in set (0.001 sec)

MariaDB [TESTE]> desc tb_estoque;
+-----------------------+-----------+------+-----+---------+-------+
| Field                 | Type      | Null | Key | Default | Extra |
+-----------------------+-----------+------+-----+---------+-------+
| ID_FILIAL             | bigint(6) | YES  | MUL | NULL    |       |
| ID_PRODUTO            | bigint(8) | YES  | MUL | NULL    |       |
| QT_ESTOQUE_DISPONIVEL | bigint(8) | YES  |     | NULL    |       |
+-----------------------+-----------+------+-----+---------+-------+
3 rows in set (0.012 sec)

MariaDB [TESTE]> desc tb_filial;
+----------------+-------------+------+-----+-----------------------------------+----------------+
| Field          | Type        | Null | Key | Default                           | Extra          |
+----------------+-------------+------+-----+-----------------------------------+----------------+
| ID_FILIAL      | bigint(6)   | NO   | PRI | NULL                              | auto_increment |
| ID_TIPO_FILIAL | int(4)      | NO   | MUL | NULL                              |                |
| DS_CNPJ        | varchar(14) | NO   |     | NULL                              |                |
| NM_FILIAL      | varchar(50) | NO   |     | NULL                              |                |
| DT_CADASTRO    | date        | NO   |     | date_format(curdate(),'%d/%m/%Y') |                |
+----------------+-------------+------+-----+-----------------------------------+----------------+
5 rows in set (0.010 sec)

MariaDB [TESTE]> desc tb_produto;
+-----------------+-------------+------+-----+-----------------------------------+----------------+
| Field           | Type        | Null | Key | Default                           | Extra          |
+-----------------+-------------+------+-----+-----------------------------------+----------------+
| ID_PRODUTO      | bigint(8)   | NO   | PRI | NULL                              | auto_increment |
| DS_PRODUTO      | varchar(50) | NO   |     | NULL                              |                |
| ID_TIPO_PRODUTO | int(4)      | NO   | MUL | NULL                              |                |
| FL_CONTROLADO   | int(1)      | NO   |     | 0                                 |                |
| DT_CADASTRO     | date        | NO   |     | date_format(curdate(),'%d/%m/%Y') |                |
+-----------------+-------------+------+-----+-----------------------------------+----------------+
5 rows in set (0.011 sec)

MariaDB [TESTE]> select id_filial, id_produto, qt_estoque_disponivel from tb_estoque